Issue #7
abc
    Item: 111
    String: abc
    Item: 222
    String: abc
