
jwerle is male
apple is red
tobi is cool
jwerle is friends with tobi
 
